// Jest Snapshot v1, https://goo.gl/fbAQLP

exports[`WinnersList component To render main title and submit btn 1`] = `
<div>
  <div
    class="winners"
  >
    <h1
      class="title winners__title"
    >
      THe winners are
    </h1>
  </div>
</div>
`;
